c:\users\natha\documents\c++\comp345---risk\comp345---risk\x64\debug\vc143.pdb
c:\users\natha\documents\c++\comp345---risk\comp345---risk\x64\debug\vc143.idb
c:\users\natha\documents\c++\comp345---risk\comp345---risk\x64\debug\playerdriver.obj
c:\users\natha\documents\c++\comp345---risk\comp345---risk\x64\debug\player.obj
c:\users\natha\documents\c++\comp345---risk\comp345---risk\x64\debug\ordersdriver.obj
c:\users\natha\documents\c++\comp345---risk\comp345---risk\x64\debug\orders.obj
c:\users\natha\documents\c++\comp345---risk\comp345---risk\x64\debug\maploader.obj
c:\users\natha\documents\c++\comp345---risk\comp345---risk\x64\debug\mapdriver.obj
c:\users\natha\documents\c++\comp345---risk\comp345---risk\x64\debug\map.obj
c:\users\natha\documents\c++\comp345---risk\comp345---risk\x64\debug\maindriver.obj
c:\users\natha\documents\c++\comp345---risk\comp345---risk\x64\debug\loggingobserverdriver.obj
c:\users\natha\documents\c++\comp345---risk\comp345---risk\x64\debug\loggingobserver.obj
c:\users\natha\documents\c++\comp345---risk\comp345---risk\x64\debug\gameenginedriver.obj
c:\users\natha\documents\c++\comp345---risk\comp345---risk\x64\debug\gameengine.obj
c:\users\natha\documents\c++\comp345---risk\comp345---risk\x64\debug\commandprocessingdriver.obj
c:\users\natha\documents\c++\comp345---risk\comp345---risk\x64\debug\commandprocessing.obj
c:\users\natha\documents\c++\comp345---risk\comp345---risk\x64\debug\cardsdriver.obj
c:\users\natha\documents\c++\comp345---risk\comp345---risk\x64\debug\cards.obj
c:\users\natha\documents\c++\comp345---risk\x64\debug\comp345---risk.exe
c:\users\natha\documents\c++\comp345---risk\x64\debug\comp345---risk.pdb
c:\users\natha\documents\c++\comp345---risk\comp345---risk\x64\debug\comp345---risk.ilk
c:\users\natha\documents\c++\comp345---risk\comp345---risk\x64\debug\comp345---risk.tlog\cl.command.1.tlog
c:\users\natha\documents\c++\comp345---risk\comp345---risk\x64\debug\comp345---risk.tlog\cl.items.tlog
c:\users\natha\documents\c++\comp345---risk\comp345---risk\x64\debug\comp345---risk.tlog\cl.read.1.tlog
c:\users\natha\documents\c++\comp345---risk\comp345---risk\x64\debug\comp345---risk.tlog\cl.write.1.tlog
c:\users\natha\documents\c++\comp345---risk\comp345---risk\x64\debug\comp345---risk.tlog\link.command.1.tlog
c:\users\natha\documents\c++\comp345---risk\comp345---risk\x64\debug\comp345---risk.tlog\link.read.1.tlog
c:\users\natha\documents\c++\comp345---risk\comp345---risk\x64\debug\comp345---risk.tlog\link.secondary.1.tlog
c:\users\natha\documents\c++\comp345---risk\comp345---risk\x64\debug\comp345---risk.tlog\link.write.1.tlog
